// Jest Snapshot v1, https://goo.gl/fbAQLP

exports[`shallow render without crashing 1`] = `ShallowWrapper {}`;
